"Actinobacteria","Bacteroidetes","Proteobacteria","Firmicutes"
"Actinobacteria",-19.7160970209497,0,0,0
"Bacteroidetes",0,-7.01581400022459,0,0
"Proteobacteria",0,0,-13.2743320803299,0
"Firmicutes",0,0,0,-1.26111457735877
